[fitatmidlife.com/timer/index.html]
[backblue.gif]
[fade.gif]
[index.html]
[fitatmidlife.com/timer/timerv54be2.js]
[fitatmidlife.com/timer/bell1.mp3]
[fitatmidlife.com/timer/buzzer3_x.mp3]
[fitatmidlife.com/timer/buzzer_x.mp3]
[fitatmidlife.com/timer/click_x.mp3]
[fitatmidlife.com/timer/short1.mp3]
[fitatmidlife.com/timer/short2.mp3]
[fitatmidlife.com/timer/gong.mp3]
[fitatmidlife.com/timer/index.html]
[fitatmidlife.com/timer/round1.8.delayed]
[fitatmidlife.com/timer/round2.mp3]
[fitatmidlife.com/timer/round3.mp3]
[fitatmidlife.com/timer/round4.mp3]
[fitatmidlife.com/timer/round5.mp3]
[fitatmidlife.com/timer/round6.mp3]
[fitatmidlife.com/timer/round7.mp3]
[fitatmidlife.com/timer/round8.mp3]
[fitatmidlife.com/timer/round9.mp3]
[fitatmidlife.com/timer/round10.mp3]
[fitatmidlife.com/timer/round11.mp3]
[fitatmidlife.com/timer/round12.mp3]
[fitatmidlife.com/timer/fightcomplete.mp3]
[fitatmidlife.com/timer/timerv54be2.js]
[fitatmidlife.com/timer/weight-bench-buyers-guide/index.html]
[fitatmidlife.com/timer/round1.html]
[fitatmidlife.com/timer/round2.html]
[fitatmidlife.com/timer/round3.html]
[fitatmidlife.com/timer/round4.html]
[fitatmidlife.com/timer/round5.html]
[fitatmidlife.com/timer/round6.html]
[fitatmidlife.com/timer/round7.html]
[fitatmidlife.com/timer/round8.html]
[fitatmidlife.com/timer/round9.html]
[fitatmidlife.com/timer/round10.html]
[fitatmidlife.com/timer/round11.html]
[fitatmidlife.com/timer/round12.html]
[fitatmidlife.com/timer/fightcomplete.html]
